#
# There is insufficient memory for the Java Runtime Environment to continue.
# Native memory allocation (malloc) failed to allocate 1327536 bytes. Error detail: Chunk::new
# Possible reasons:
#   The system is out of physical RAM or swap space
#   This process is running with CompressedOops enabled, and the Java Heap may be blocking the growth of the native heap
# Possible solutions:
#   Reduce memory load on the system
#   Increase physical memory or swap space
#   Check if swap backing store is full
#   Decrease Java heap size (-Xmx/-Xms)
#   Decrease number of Java threads
#   Decrease Java thread stack sizes (-Xss)
#   Set larger code cache with -XX:ReservedCodeCacheSize=
#   JVM is running with Unscaled Compressed Oops mode in which the Java heap is
#     placed in the first 4GB address space. The Java Heap base address is the
#     maximum limit for the native heap growth. Please use -XX:HeapBaseMinAddress
#     to set the Java Heap base and to place the Java Heap above 4GB virtual address.
# This output file may be truncated or incomplete.
#
#  Out of Memory Error (arena.cpp:168), pid=2760, tid=2264
#
# JRE version: OpenJDK Runtime Environment Temurin-21.0.11+10 (21.0.11+10) (build 21.0.11+10-LTS)
# Java VM: OpenJDK 64-Bit Server VM Temurin-21.0.11+10 (21.0.11+10-LTS, mixed mode, sharing, tiered, compressed oops, compressed class ptrs, parallel gc, windows-amd64)
# No core dump will be written. Minidumps are not enabled by default on client versions of Windows
#

---------------  S U M M A R Y ------------

Command Line: --add-modules=ALL-SYSTEM --add-opens=java.base/java.util=ALL-UNNAMED --add-opens=java.base/java.lang=ALL-UNNAMED --add-opens=java.base/sun.nio.fs=ALL-UNNAMED -Declipse.application=org.eclipse.jdt.ls.core.id1 -Dosgi.bundles.defaultStartLevel=4 -Declipse.product=org.eclipse.jdt.ls.core.product -Djava.import.generatesMetadataFilesAtProjectRoot=false -DDetectVMInstallationsJob.disabled=true -Dfile.encoding=utf8 -XX:+UseParallelGC -XX:GCTimeRatio=4 -XX:AdaptiveSizePolicyWeight=90 -Dsun.zip.disableMemoryMapping=true -Xmx2G -Xms100m -Xlog:disable -javaagent:c:\Users\½©Ê¬µ°¶Ü\.vscode\extensions\redhat.java-1.55.0-win32-x64\lombok\lombok-1.18.39-4050.jar -XX:+HeapDumpOnOutOfMemoryError -XX:HeapDumpPath=c:\Users\½©Ê¬µ°¶Ü\AppData\Roaming\Code\User\workspaceStorage\06fb4ef3587b33cbcb234c3b2664dc52\redhat.java -Daether.dependencyCollector.impl=bf c:\Users\½©Ê¬µ°¶Ü\.vscode\extensions\redhat.java-1.55.0-win32-x64\server\plugins\org.eclipse.equinox.launcher_1.7.200.v20260619-2039.jar -configuration c:\Users\½©Ê¬µ°¶Ü\AppData\Roaming\Code\User\globalStorage\redhat.java\1.55.0\config_win -data c:\Users\½©Ê¬µ°¶Ü\AppData\Roaming\Code\User\workspaceStorage\06fb4ef3587b33cbcb234c3b2664dc52\redhat.java\jdt_ws --pipe=\\.\pipe\lsp-e034a402d68d8d519f4f327b3728cf47-sock

Host: 12th Gen Intel(R) Core(TM) i7-12700H, 20 cores, 15G,  Windows 10 , 64 bit Build 19041 (10.0.19041.5915)
Time: Thu Aug 20 00:01:36 2026 elapsed time: 4871.162556 seconds (0d 1h 21m 11s)

---------------  T H R E A D  ---------------

Current thread (0x000001cd01a67d60):  JavaThread "C2 CompilerThread0" daemon [_thread_in_native, id=2264, stack(0x0000004ff2500000,0x0000004ff2600000) (1024K)]


Current CompileTask:
C2:4871162 20567       4       org.eclipse.core.internal.localstore.RefreshLocalVisitor::synchronizeExistence (193 bytes)

Stack: [0x0000004ff2500000,0x0000004ff2600000]
Native frames: (J=compiled Java code, j=interpreted, Vv=VM code, C=native code)
V  [jvm.dll+0x6d7e19]
V  [jvm.dll+0x8b5096]
V  [jvm.dll+0x8b764e]
V  [jvm.dll+0x8b7d33]
V  [jvm.dll+0x284596]
V  [jvm.dll+0xc685d]
V  [jvm.dll+0xc6da1]
V  [jvm.dll+0x3bed31]
V  [jvm.dll+0x1e4149]
V  [jvm.dll+0x24c853]
V  [jvm.dll+0x24bce0]
V  [jvm.dll+0x1cb4ae]
V  [jvm.dll+0x25baad]
V  [jvm.dll+0x25a03a]
V  [jvm.dll+0x3f868e]
V  [jvm.dll+0x85fb0d]
V  [jvm.dll+0x6d664d]
C  [ucrtbase.dll+0x21bb2]
C  [KERNEL32.DLL+0x17374]
C  [ntdll.dll+0x4cc91]


---------------  P R O C E S S  ---------------

Threads class SMR info:
_java_thread_list=0x000001cd0e47f740, length=52, elements={
0x000001cca68d2280, 0x000001cca8c3df90, 0x000001cd01a57900, 0x000001cd01a5b3a0,
0x000001cd01a5e1d0, 0x000001cd01a616e0, 0x000001cca8d33360, 0x000001cd01a67d60,
0x000001cca8d4e6f0, 0x000001cca8d34080, 0x000001cca8d34da0, 0x000001cca8d31fb0,
0x000001cca8d35430, 0x000001cca8d34710, 0x000001cca8d32640, 0x000001cca8d32cd0,
0x000001cd0bc93ef0, 0x000001cd0bc98db0, 0x000001cd0bc98720, 0x000001cd0bc952a0,
0x000001cd0bc95fc0, 0x000001cd0bc96650, 0x000001cd0bc99440, 0x000001cd0bc92b40,
0x000001cd0bc93860, 0x000001cd0bc95930, 0x000001cd0bc97370, 0x000001cd0bc9a160,
0x000001cd0bc931d0, 0x000001cd11165490, 0x000001cd111661b0, 0x000001cd11165b20,
0x000001cd11169630, 0x000001cd11167bf0, 0x000001cd11166840, 0x000001cd1116b070,
0x000001cd11168fa0, 0x000001cd11166ed0, 0x000001cd11169cc0, 0x000001cd11167560,
0x000001cd11168280, 0x000001cd11168910, 0x000001cd1116a350, 0x000001cd1116a9e0,
0x000001cd134585a0, 0x000001cd1345d460, 0x000001cd1345e810, 0x000001cd13457f10,
0x000001cd0bc98090, 0x000001cd0f197ab0, 0x000001cd0f194cc0, 0x000001cd0f196700
}

Java Threads: ( => current thread )
  0x000001cca68d2280 JavaThread "main"                              [_thread_blocked, id=7360, stack(0x0000004ff1b00000,0x0000004ff1c00000) (1024K)]
  0x000001cca8c3df90 JavaThread "Reference Handler"          daemon [_thread_blocked, id=6532, stack(0x0000004ff1f00000,0x0000004ff2000000) (1024K)]
  0x000001cd01a57900 JavaThread "Finalizer"                  daemon [_thread_blocked, id=2908, stack(0x0000004ff2000000,0x0000004ff2100000) (1024K)]
  0x000001cd01a5b3a0 JavaThread "Signal Dispatcher"          daemon [_thread_blocked, id=5376, stack(0x0000004ff2100000,0x0000004ff2200000) (1024K)]
  0x000001cd01a5e1d0 JavaThread "Attach Listener"            daemon [_thread_blocked, id=8152, stack(0x0000004ff2200000,0x0000004ff2300000) (1024K)]
  0x000001cd01a616e0 JavaThread "Service Thread"             daemon [_thread_blocked, id=20440, stack(0x0000004ff2300000,0x0000004ff2400000) (1024K)]
  0x000001cca8d33360 JavaThread "Monitor Deflation Thread"   daemon [_thread_blocked, id=15960, stack(0x0000004ff2400000,0x0000004ff2500000) (1024K)]
=>0x000001cd01a67d60 JavaThread "C2 CompilerThread0"         daemon [_thread_in_native, id=2264, stack(0x0000004ff2500000,0x0000004ff2600000) (1024K)]
  0x000001cca8d4e6f0 JavaThread "C1 CompilerThread0"         daemon [_thread_blocked, id=19992, stack(0x0000004ff2600000,0x0000004ff2700000) (1024K)]
  0x000001cca8d34080 JavaThread "Common-Cleaner"             daemon [_thread_blocked, id=13172, stack(0x0000004ff2800000,0x0000004ff2900000) (1024K)]
  0x000001cca8d34da0 JavaThread "Notification Thread"        daemon [_thread_blocked, id=5752, stack(0x0000004ff2900000,0x0000004ff2a00000) (1024K)]
  0x000001cca8d31fb0 JavaThread "Active Thread: Equinox Container: 13823305-deb6-403a-aeac-2b895b09a941"        [_thread_blocked, id=3524, stack(0x0000004ff3500000,0x0000004ff3600000) (1024K)]
  0x000001cca8d35430 JavaThread "Refresh Thread: Equinox Container: 13823305-deb6-403a-aeac-2b895b09a941" daemon [_thread_blocked, id=6396, stack(0x0000004ff3700000,0x0000004ff3800000) (1024K)]
  0x000001cca8d34710 JavaThread "Framework Event Dispatcher: Equinox Container: 13823305-deb6-403a-aeac-2b895b09a941" daemon [_thread_blocked, id=20156, stack(0x0000004ff3800000,0x0000004ff3900000) (1024K)]
  0x000001cca8d32640 JavaThread "Start Level: Equinox Container: 13823305-deb6-403a-aeac-2b895b09a941" daemon [_thread_blocked, id=12624, stack(0x0000004ff3900000,0x0000004ff3a00000) (1024K)]
  0x000001cca8d32cd0 JavaThread "Bundle File Closer"         daemon [_thread_blocked, id=5012, stack(0x0000004ff3d00000,0x0000004ff3e00000) (1024K)]
  0x000001cd0bc93ef0 JavaThread "SCR Component Actor"        daemon [_thread_blocked, id=13416, stack(0x0000004ff2a00000,0x0000004ff2b00000) (1024K)]
  0x000001cd0bc98db0 JavaThread "Worker-JM"                         [_thread_blocked, id=18840, stack(0x0000004ff3e00000,0x0000004ff3f00000) (1024K)]
  0x000001cd0bc98720 JavaThread "JNA Cleaner"                daemon [_thread_blocked, id=6852, stack(0x0000004ff4400000,0x0000004ff4500000) (1024K)]
  0x000001cd0bc952a0 JavaThread "Java indexing"              daemon [_thread_blocked, id=5676, stack(0x0000004ff4800000,0x0000004ff4900000) (1024K)]
  0x000001cd0bc95fc0 JavaThread "Thread-1"                   daemon [_thread_in_native, id=21376, stack(0x0000004ff5000000,0x0000004ff5100000) (1024K)]
  0x000001cd0bc96650 JavaThread "Thread-2"                   daemon [_thread_in_native, id=14412, stack(0x0000004ff5100000,0x0000004ff5200000) (1024K)]
  0x000001cd0bc99440 JavaThread "Thread-3"                   daemon [_thread_in_native, id=11212, stack(0x0000004ff5200000,0x0000004ff5300000) (1024K)]
  0x000001cd0bc92b40 JavaThread "Thread-4"                   daemon [_thread_in_native, id=9452, stack(0x0000004ff5300000,0x0000004ff5400000) (1024K)]
  0x000001cd0bc93860 JavaThread "Thread-5"                   daemon [_thread_in_native, id=18556, stack(0x0000004ff5400000,0x0000004ff5500000) (1024K)]
  0x000001cd0bc95930 JavaThread "Thread-6"                   daemon [_thread_in_native, id=18936, stack(0x0000004ff5500000,0x0000004ff5600000) (1024K)]
  0x000001cd0bc97370 JavaThread "Thread-7"                   daemon [_thread_in_native, id=8088, stack(0x0000004ff5600000,0x0000004ff5700000) (1024K)]
  0x000001cd0bc9a160 JavaThread "Thread-8"                   daemon [_thread_in_native, id=8580, stack(0x0000004ff5700000,0x0000004ff5800000) (1024K)]
  0x000001cd0bc931d0 JavaThread "Thread-9"                   daemon [_thread_in_native, id=9100, stack(0x0000004ff5800000,0x0000004ff5900000) (1024K)]
  0x000001cd11165490 JavaThread "Thread-10"                  daemon [_thread_in_native, id=15348, stack(0x0000004ff5900000,0x0000004ff5a00000) (1024K)]
  0x000001cd111661b0 JavaThread "Thread-11"                  daemon [_thread_in_native, id=4424, stack(0x0000004ff5a00000,0x0000004ff5b00000) (1024K)]
  0x000001cd11165b20 JavaThread "Thread-12"                  daemon [_thread_in_native, id=17996, stack(0x0000004ff5b00000,0x0000004ff5c00000) (1024K)]
  0x000001cd11169630 JavaThread "Thread-13"                  daemon [_thread_in_native, id=18852, stack(0x0000004ff5c00000,0x0000004ff5d00000) (1024K)]
  0x000001cd11167bf0 JavaThread "Thread-14"                  daemon [_thread_in_native, id=9000, stack(0x0000004ff5d00000,0x0000004ff5e00000) (1024K)]
  0x000001cd11166840 JavaThread "Thread-15"                  daemon [_thread_in_native, id=10620, stack(0x0000004ff5e00000,0x0000004ff5f00000) (1024K)]
  0x000001cd1116b070 JavaThread "Thread-16"                  daemon [_thread_in_native, id=14904, stack(0x0000004ff5f00000,0x0000004ff6000000) (1024K)]
  0x000001cd11168fa0 JavaThread "Thread-17"                  daemon [_thread_in_native, id=14376, stack(0x0000004ff6000000,0x0000004ff6100000) (1024K)]
  0x000001cd11166ed0 JavaThread "Thread-18"                  daemon [_thread_in_native, id=21108, stack(0x0000004ff6100000,0x0000004ff6200000) (1024K)]
  0x000001cd11169cc0 JavaThread "Thread-19"                  daemon [_thread_in_native, id=11024, stack(0x0000004ff6200000,0x0000004ff6300000) (1024K)]
  0x000001cd11167560 JavaThread "Thread-20"                  daemon [_thread_in_native, id=13656, stack(0x0000004ff6300000,0x0000004ff6400000) (1024K)]
  0x000001cd11168280 JavaThread "Thread-21"                  daemon [_thread_in_native, id=12928, stack(0x0000004ff6400000,0x0000004ff6500000) (1024K)]
  0x000001cd11168910 JavaThread "pool-2-thread-1"                   [_thread_blocked, id=8860, stack(0x0000004ff6500000,0x0000004ff6600000) (1024K)]
  0x000001cd1116a350 JavaThread "WorkspaceEventsHandler"            [_thread_blocked, id=14932, stack(0x0000004ff6600000,0x0000004ff6700000) (1024K)]
  0x000001cd1116a9e0 JavaThread "pool-1-thread-1"                   [_thread_blocked, id=6836, stack(0x0000004ff6700000,0x0000004ff6800000) (1024K)]
  0x000001cd134585a0 JavaThread "PatternSearchJob-worker-5"  daemon [_thread_blocked, id=17284, stack(0x0000004ff6d00000,0x0000004ff6e00000) (1024K)]
  0x000001cd1345d460 JavaThread "PatternSearchJob-worker-7"  daemon [_thread_blocked, id=19836, stack(0x0000004ff6f00000,0x0000004ff7000000) (1024K)]
  0x000001cd1345e810 JavaThread "PatternSearchJob-worker-12" daemon [_thread_blocked, id=22336, stack(0x0000004ff7400000,0x0000004ff7500000) (1024K)]
  0x000001cd13457f10 JavaThread "Timer-0"                           [_thread_blocked, id=6192, stack(0x0000004ff7c00000,0x0000004ff7d00000) (1024K)]
  0x000001cd0bc98090 JavaThread "Cleaner-0"                  daemon [_thread_blocked, id=11136, stack(0x0000004ff3400000,0x0000004ff3500000) (1024K)]
  0x000001cd0f197ab0 JavaThread "Worker-6"                          [_thread_blocked, id=16956, stack(0x0000004ff4c00000,0x0000004ff4d00000) (1024K)]
  0x000001cd0f194cc0 JavaThread "Worker-9"                          [_thread_blocked, id=18680, stack(0x0000004ff1900000,0x0000004ff1a00000) (1024K)]
  0x000001cd0f196700 JavaThread "Worker-10"                         [_thread_blocked, id=11760, stack(0x0000004ff2700000,0x0000004ff2800000) (1024K)]
Total: 52

Other Threads:
  0x000001cd01a56b50 VMThread "VM Thread"                           [id=14716, stack(0x0000004ff1e00000,0x0000004ff1f00000) (1024K)]
  0x000001cca8d00360 WatcherThread "VM Periodic Task Thread"        [id=19248, stack(0x0000004ff1d00000,0x0000004ff1e00000) (1024K)]
  0x000001cca8cb1940 WorkerThread "GC Thread#0"                     [id=1120, stack(0x0000004ff1c00000,0x0000004ff1d00000) (1024K)]
  0x000001cd0bc03d40 WorkerThread "GC Thread#1"                     [id=20164, stack(0x0000004ff2e00000,0x0000004ff2f00000) (1024K)]
  0x000001cd0bc040f0 WorkerThread "GC Thread#2"                     [id=22312, stack(0x0000004ff2f00000,0x0000004ff3000000) (1024K)]
  0x000001cd0bc04fb0 WorkerThread "GC Thread#3"                     [id=5108, stack(0x0000004ff3000000,0x0000004ff3100000) (1024K)]
  0x000001cd0bc035e0 WorkerThread "GC Thread#4"                     [id=11400, stack(0x0000004ff3100000,0x0000004ff3200000) (1024K)]
  0x000001cd0bc04c00 WorkerThread "GC Thread#5"                     [id=22160, stack(0x0000004ff3200000,0x0000004ff3300000) (1024K)]
  0x000001cd0bc04850 WorkerThread "GC Thread#6"                     [id=18980, stack(0x0000004ff3300000,0x0000004ff3400000) (1024K)]
  0x000001cd0bd3ed00 WorkerThread "GC Thread#7"                     [id=3628, stack(0x0000004ff3600000,0x0000004ff3700000) (1024K)]
  0x000001cd0bd3c820 WorkerThread "GC Thread#8"                     [id=13380, stack(0x0000004ff3a00000,0x0000004ff3b00000) (1024K)]
  0x000001cd0bd3de40 WorkerThread "GC Thread#9"                     [id=5416, stack(0x0000004ff3b00000,0x0000004ff3c00000) (1024K)]
  0x000001cd0bd3cbd0 WorkerThread "GC Thread#10"                    [id=22068, stack(0x0000004ff3c00000,0x0000004ff3d00000) (1024K)]
  0x000001cd0bd3c470 WorkerThread "GC Thread#11"                    [id=22016, stack(0x0000004ff3f00000,0x0000004ff4000000) (1024K)]
  0x000001cd0bd3f460 WorkerThread "GC Thread#12"                    [id=20060, stack(0x0000004ff4000000,0x0000004ff4100000) (1024K)]
  0x000001cd0bd3da90 WorkerThread "GC Thread#13"                    [id=21172, stack(0x0000004ff4100000,0x0000004ff4200000) (1024K)]
  0x000001cd0bd3f810 WorkerThread "GC Thread#14"                    [id=22176, stack(0x0000004ff4500000,0x0000004ff4600000) (1024K)]
Total: 17

Threads with active compile tasks:
C2 CompilerThread0  4871196 20567       4       org.eclipse.core.internal.localstore.RefreshLocalVisitor::synchronizeExistence (193 bytes)
Total: 1

VM state: not at safepoint (normal execution)

VM Mutex/Monitor currently owned by a thread: None

Heap address: 0x0000000080000000, size: 2048 MB, Compressed Oops mode: 32-bit

CDS archive(s) mapped at: [0x000001ccc0000000-0x000001ccc0ba0000-0x000001ccc0ba0000), size 12189696, SharedBaseAddress: 0x000001ccc0000000, ArchiveRelocationMode: 1.
Compressed class space mapped at: 0x000001ccc1000000-0x000001cd01000000, reserved size: 1073741824
Narrow klass base: 0x000001ccc0000000, Narrow klass shift: 0, Narrow klass range: 0x100000000

GC Precious Log:
 CardTable entry size: 512
 CPUs: 20 total, 20 available
 Memory: 16088M
 Large Page Support: Disabled
 NUMA Support: Disabled
 Compressed Oops: Enabled (32-bit)
 Alignments: Space 512K, Generation 512K, Heap 2M
 Heap Min Capacity: 100M
 Heap Initial Capacity: 100M
 Heap Max Capacity: 2G
 Pre-touch: Disabled
 Parallel Workers: 15

Heap:
 PSYoungGen      total 3072K, used 522K [0x00000000d5580000, 0x00000000d5980000, 0x0000000100000000)
  eden space 2560K, 7% used [0x00000000d5580000,0x00000000d55b29a0,0x00000000d5800000)
  from space 512K, 62% used [0x00000000d5880000,0x00000000d58d0000,0x00000000d5900000)
  to   space 512K, 0% used [0x00000000d5900000,0x00000000d5900000,0x00000000d5980000)
 ParOldGen       total 642560K, used 642391K [0x0000000080000000, 0x00000000a7380000, 0x00000000d5580000)
  object space 642560K, 99% used [0x0000000080000000,0x00000000a7355e68,0x00000000a7380000)
 Metaspace       used 89815K, committed 91456K, reserved 1179648K
  class space    used 9620K, committed 10432K, reserved 1048576K

Card table byte_map: [0x000001cca8630000,0x000001cca8a40000] _byte_map_base: 0x000001cca8230000

Marking Bits: (ParMarkBitMap*) 0x00007ff9c7104460
 Begin Bits: [0x000001ccbb140000, 0x000001ccbd140000)
 End Bits:   [0x000001ccbd140000, 0x000001ccbf140000)

Polling page: 0x000001cca6840000

Metaspace:

Usage:
  Non-class:     78.32 MB used.
      Class:      9.40 MB used.
       Both:     87.71 MB used.

Virtual space:
  Non-class space:      128.00 MB reserved,      79.12 MB ( 62%) committed,  2 nodes.
      Class space:        1.00 GB reserved,      10.19 MB ( <1%) committed,  1 nodes.
             Both:        1.12 GB reserved,      89.31 MB (  8%) committed. 

Chunk freelists:
   Non-Class:  38.00 KB
       Class:  5.99 MB
        Both:  6.02 MB

MaxMetaspaceSize: unlimited
CompressedClassSpaceSize: 1.00 GB
Initial GC threshold: 21.00 MB
Current GC threshold: 146.06 MB
CDS: on
 - commit_granule_bytes: 65536.
 - commit_granule_words: 8192.
 - virtual_space_node_default_size: 8388608.
 - enlarge_chunks_in_place: 1.
 - use_allocation_guard: 0.


Internal statistics:

num_allocs_failed_limit: 9.
num_arena_births: 1818.
num_arena_deaths: 602.
num_vsnodes_births: 3.
num_vsnodes_deaths: 0.
num_space_committed: 1428.
num_space_uncommitted: 0.
num_chunks_returned_to_freelist: 694.
num_chunks_taken_from_freelist: 6273.
num_chunk_merges: 192.
num_chunk_splits: 3748.
num_chunks_enlarged: 2251.
num_inconsistent_stats: 0.

CodeHeap 'non-profiled nmethods': size=119168Kb used=17353Kb max_used=17652Kb free=101814Kb
 bounds [0x000001ccb3a30000, 0x000001ccb4b70000, 0x000001ccbae90000]
CodeHeap 'profiled nmethods': size=119104Kb used=34582Kb max_used=37478Kb free=84521Kb
 bounds [0x000001ccabe90000, 0x000001ccae330000, 0x000001ccb32e0000]
CodeHeap 'non-nmethods': size=7488Kb used=1502Kb max_used=3270Kb free=5985Kb
 bounds [0x000001ccb32e0000, 0x000001ccb3630000, 0x000001ccb3a30000]
CodeCache: size=245760Kb, used=53437Kb, max_used=58400Kb, free=192320Kb
 total_blobs=16582, nmethods=15764, adapters=720, full_count=0
Compilation: enabled, stopped_count=0, restarted_count=0

Compilation events (20 events):
Event: 4870.608 Thread 0x000001cd01a67d60 nmethod 20557 0x000001ccb439ff90 code [0x000001ccb43a0120, 0x000001ccb43a01e0]
Event: 4870.609 Thread 0x000001cd01a67d60 20558       4       org.eclipse.core.internal.content.ContentType::hashCode (8 bytes)
Event: 4870.610 Thread 0x000001cca8d4e6f0 20560   !   3       java.util.concurrent.ConcurrentHashMap::clear (176 bytes)
Event: 4870.610 Thread 0x000001cca8d4e6f0 nmethod 20560 0x000001ccac755d10 code [0x000001ccac755f60, 0x000001ccac7568e8]
Event: 4870.611 Thread 0x000001cd01a67d60 nmethod 20558 0x000001ccb439f710 code [0x000001ccb439f8e0, 0x000001ccb439fc38]
Event: 4870.611 Thread 0x000001cd01a67d60 20559       4       org.eclipse.core.internal.preferences.PreferencesService$1::run (171 bytes)
Event: 4870.620 Thread 0x000001cd01a67d60 nmethod 20559 0x000001ccb3d13410 code [0x000001ccb3d13640, 0x000001ccb3d13ea0]
Event: 4870.643 Thread 0x000001cca8d4e6f0 20561       3       java.io.WinNTFileSystem::resolve (326 bytes)
Event: 4870.646 Thread 0x000001cca8d4e6f0 nmethod 20561 0x000001ccac751790 code [0x000001ccac751cc0, 0x000001ccac754ac8]
Event: 4870.754 Thread 0x000001cd01a67d60 20562       4       org.eclipse.core.internal.dtree.NoDataDeltaNode::<init> (14 bytes)
Event: 4870.756 Thread 0x000001cd01a67d60 nmethod 20562 0x000001ccb3d13090 code [0x000001ccb3d13220, 0x000001ccb3d13360]
Event: 4870.933 Thread 0x000001cca8d4e6f0 20563       3       java.util.ComparableTimSort::gallopLeft (327 bytes)
Event: 4870.933 Thread 0x000001cca8d4e6f0 nmethod 20563 0x000001ccac163390 code [0x000001ccac1635c0, 0x000001ccac164028]
Event: 4870.968 Thread 0x000001cd01a67d60 20564       4       java.util.concurrent.ConcurrentHashMap$KeySetView::iterator (34 bytes)
Event: 4870.972 Thread 0x000001cd01a67d60 nmethod 20564 0x000001ccb3d12990 code [0x000001ccb3d12b40, 0x000001ccb3d12e30]
Event: 4870.974 Thread 0x000001cd01a67d60 20565       4       java.io.WinNTFileSystem::resolve (326 bytes)
Event: 4870.988 Thread 0x000001cd01a67d60 nmethod 20565 0x000001ccb48c3090 code [0x000001ccb48c32e0, 0x000001ccb48c44d8]
Event: 4870.988 Thread 0x000001cd01a67d60 20566       4       java.util.concurrent.ConcurrentHashMap::size (31 bytes)
Event: 4870.989 Thread 0x000001cd01a67d60 nmethod 20566 0x000001ccb3d12610 code [0x000001ccb3d127a0, 0x000001ccb3d128b8]
Event: 4871.004 Thread 0x000001cd01a67d60 20567       4       org.eclipse.core.internal.localstore.RefreshLocalVisitor::synchronizeExistence (193 bytes)

GC Heap History (20 events):
Event: 4871.013 GC heap before
{Heap before GC invocations=1789 (full 6):
 PSYoungGen      total 3072K, used 2912K [0x00000000d5580000, 0x00000000d5980000, 0x0000000100000000)
  eden space 2560K, 100% used [0x00000000d5580000,0x00000000d5800000,0x00000000d5800000)
  from space 512K, 68% used [0x00000000d5900000,0x00000000d5958000,0x00000000d5980000)
  to   space 512K, 0% used [0x00000000d5880000,0x00000000d5880000,0x00000000d5900000)
 ParOldGen       total 641024K, used 640597K [0x0000000080000000, 0x00000000a7200000, 0x00000000d5580000)
  object space 641024K, 99% used [0x0000000080000000,0x00000000a71955f8,0x00000000a7200000)
 Metaspace       used 89815K, committed 91456K, reserved 1179648K
  class space    used 9620K, committed 10432K, reserved 1048576K
}
Event: 4871.014 GC heap after
{Heap after GC invocations=1789 (full 6):
 PSYoungGen      total 3072K, used 448K [0x00000000d5580000, 0x00000000d5980000, 0x0000000100000000)
  eden space 2560K, 0% used [0x00000000d5580000,0x00000000d5580000,0x00000000d5800000)
  from space 512K, 87% used [0x00000000d5880000,0x00000000d58f0000,0x00000000d5900000)
  to   space 512K, 0% used [0x00000000d5900000,0x00000000d5900000,0x00000000d5980000)
 ParOldGen       total 641024K, used 640757K [0x0000000080000000, 0x00000000a7200000, 0x00000000d5580000)
  object space 641024K, 99% used [0x0000000080000000,0x00000000a71bd5f8,0x00000000a7200000)
 Metaspace       used 89815K, committed 91456K, reserved 1179648K
  class space    used 9620K, committed 10432K, reserved 1048576K
}
Event: 4871.059 GC heap before
{Heap before GC invocations=1790 (full 6):
 PSYoungGen      total 3072K, used 3008K [0x00000000d5580000, 0x00000000d5980000, 0x0000000100000000)
  eden space 2560K, 100% used [0x00000000d5580000,0x00000000d5800000,0x00000000d5800000)
  from space 512K, 87% used [0x00000000d5880000,0x00000000d58f0000,0x00000000d5900000)
  to   space 512K, 0% used [0x00000000d5900000,0x00000000d5900000,0x00000000d5980000)
 ParOldGen       total 641024K, used 640757K [0x0000000080000000, 0x00000000a7200000, 0x00000000d5580000)
  object space 641024K, 99% used [0x0000000080000000,0x00000000a71bd5f8,0x00000000a7200000)
 Metaspace       used 89815K, committed 91456K, reserved 1179648K
  class space    used 9620K, committed 10432K, reserved 1048576K
}
Event: 4871.060 GC heap after
{Heap after GC invocations=1790 (full 6):
 PSYoungGen      total 3072K, used 480K [0x00000000d5580000, 0x00000000d5980000, 0x0000000100000000)
  eden space 2560K, 0% used [0x00000000d5580000,0x00000000d5580000,0x00000000d5800000)
  from space 512K, 93% used [0x00000000d5900000,0x00000000d5978000,0x00000000d5980000)
  to   space 512K, 0% used [0x00000000d5880000,0x00000000d5880000,0x00000000d5900000)
 ParOldGen       total 641024K, used 640941K [0x0000000080000000, 0x00000000a7200000, 0x00000000d5580000)
  object space 641024K, 99% used [0x0000000080000000,0x00000000a71eb5f8,0x00000000a7200000)
 Metaspace       used 89815K, committed 91456K, reserved 1179648K
  class space    used 9620K, committed 10432K, reserved 1048576K
}
Event: 4871.076 GC heap before
{Heap before GC invocations=1791 (full 6):
 PSYoungGen      total 3072K, used 3040K [0x00000000d5580000, 0x00000000d5980000, 0x0000000100000000)
  eden space 2560K, 100% used [0x00000000d5580000,0x00000000d5800000,0x00000000d5800000)
  from space 512K, 93% used [0x00000000d5900000,0x00000000d5978000,0x00000000d5980000)
  to   space 512K, 0% used [0x00000000d5880000,0x00000000d5880000,0x00000000d5900000)
 ParOldGen       total 641024K, used 640941K [0x0000000080000000, 0x00000000a7200000, 0x00000000d5580000)
  object space 641024K, 99% used [0x0000000080000000,0x00000000a71eb5f8,0x00000000a7200000)
 Metaspace       used 89815K, committed 91456K, reserved 1179648K
  class space    used 9620K, committed 10432K, reserved 1048576K
}
Event: 4871.077 GC heap after
{Heap after GC invocations=1791 (full 6):
 PSYoungGen      total 3072K, used 416K [0x00000000d5580000, 0x00000000d5980000, 0x0000000100000000)
  eden space 2560K, 0% used [0x00000000d5580000,0x00000000d5580000,0x00000000d5800000)
  from space 512K, 81% used [0x00000000d5880000,0x00000000d58e8000,0x00000000d5900000)
  to   space 512K, 0% used [0x00000000d5900000,0x00000000d5900000,0x00000000d5980000)
 ParOldGen       total 641536K, used 641165K [0x0000000080000000, 0x00000000a7280000, 0x00000000d5580000)
  object space 641536K, 99% used [0x0000000080000000,0x00000000a72235f8,0x00000000a7280000)
 Metaspace       used 89815K, committed 91456K, reserved 1179648K
  class space    used 9620K, committed 10432K, reserved 1048576K
}
Event: 4871.082 GC heap before
{Heap before GC invocations=1792 (full 6):
 PSYoungGen      total 3072K, used 2976K [0x00000000d5580000, 0x00000000d5980000, 0x0000000100000000)
  eden space 2560K, 100% used [0x00000000d5580000,0x00000000d5800000,0x00000000d5800000)
  from space 512K, 81% used [0x00000000d5880000,0x00000000d58e8000,0x00000000d5900000)
  to   space 512K, 0% used [0x00000000d5900000,0x00000000d5900000,0x00000000d5980000)
 ParOldGen       total 641536K, used 641165K [0x0000000080000000, 0x00000000a7280000, 0x00000000d5580000)
  object space 641536K, 99% used [0x0000000080000000,0x00000000a72235f8,0x00000000a7280000)
 Metaspace       used 89815K, committed 91456K, reserved 1179648K
  class space    used 9620K, committed 10432K, reserved 1048576K
}
Event: 4871.084 GC heap after
{Heap after GC invocations=1792 (full 6):
 PSYoungGen      total 3072K, used 224K [0x00000000d5580000, 0x00000000d5980000, 0x0000000100000000)
  eden space 2560K, 0% used [0x00000000d5580000,0x00000000d5580000,0x00000000d5800000)
  from space 512K, 43% used [0x00000000d5900000,0x00000000d5938000,0x00000000d5980000)
  to   space 512K, 0% used [0x00000000d5880000,0x00000000d5880000,0x00000000d5900000)
 ParOldGen       total 641536K, used 641293K [0x0000000080000000, 0x00000000a7280000, 0x00000000d5580000)
  object space 641536K, 99% used [0x0000000080000000,0x00000000a72435f8,0x00000000a7280000)
 Metaspace       used 89815K, committed 91456K, reserved 1179648K
  class space    used 9620K, committed 10432K, reserved 1048576K
}
Event: 4871.089 GC heap before
{Heap before GC invocations=1793 (full 6):
 PSYoungGen      total 3072K, used 2784K [0x00000000d5580000, 0x00000000d5980000, 0x0000000100000000)
  eden space 2560K, 100% used [0x00000000d5580000,0x00000000d5800000,0x00000000d5800000)
  from space 512K, 43% used [0x00000000d5900000,0x00000000d5938000,0x00000000d5980000)
  to   space 512K, 0% used [0x00000000d5880000,0x00000000d5880000,0x00000000d5900000)
 ParOldGen       total 641536K, used 641293K [0x0000000080000000, 0x00000000a7280000, 0x00000000d5580000)
  object space 641536K, 99% used [0x0000000080000000,0x00000000a72435f8,0x00000000a7280000)
 Metaspace       used 89815K, committed 91456K, reserved 1179648K
  class space    used 9620K, committed 10432K, reserved 1048576K
}
Event: 4871.090 GC heap after
{Heap after GC invocations=1793 (full 6):
 PSYoungGen      total 3072K, used 224K [0x00000000d5580000, 0x00000000d5980000, 0x0000000100000000)
  eden space 2560K, 0% used [0x00000000d5580000,0x00000000d5580000,0x00000000d5800000)
  from space 512K, 43% used [0x00000000d5880000,0x00000000d58b8000,0x00000000d5900000)
  to   space 512K, 0% used [0x00000000d5900000,0x00000000d5900000,0x00000000d5980000)
 ParOldGen       total 641536K, used 641373K [0x0000000080000000, 0x00000000a7280000, 0x00000000d5580000)
  object space 641536K, 99% used [0x0000000080000000,0x00000000a72575f8,0x00000000a7280000)
 Metaspace       used 89815K, committed 91456K, reserved 1179648K
  class space    used 9620K, committed 10432K, reserved 1048576K
}
Event: 4871.094 GC heap before
{Heap before GC invocations=1794 (full 6):
 PSYoungGen      total 3072K, used 2784K [0x00000000d5580000, 0x00000000d5980000, 0x0000000100000000)
  eden space 2560K, 100% used [0x00000000d5580000,0x00000000d5800000,0x00000000d5800000)
  from space 512K, 43% used [0x00000000d5880000,0x00000000d58b8000,0x00000000d5900000)
  to   space 512K, 0% used [0x00000000d5900000,0x00000000d5900000,0x00000000d5980000)
 ParOldGen       total 641536K, used 641373K [0x0000000080000000, 0x00000000a7280000, 0x00000000d5580000)
  object space 641536K, 99% used [0x0000000080000000,0x00000000a72575f8,0x00000000a7280000)
 Metaspace       used 89815K, committed 91456K, reserved 1179648K
  class space    used 9620K, committed 10432K, reserved 1048576K
}
Event: 4871.095 GC heap after
{Heap after GC invocations=1794 (full 6):
 PSYoungGen      total 3072K, used 224K [0x00000000d5580000, 0x00000000d5980000, 0x0000000100000000)
  eden space 2560K, 0% used [0x00000000d5580000,0x00000000d5580000,0x00000000d5800000)
  from space 512K, 43% used [0x00000000d5900000,0x00000000d5938000,0x00000000d5980000)
  to   space 512K, 0% used [0x00000000d5880000,0x00000000d5880000,0x00000000d5900000)
 ParOldGen       total 641536K, used 641469K [0x0000000080000000, 0x00000000a7280000, 0x00000000d5580000)
  object space 641536K, 99% used [0x0000000080000000,0x00000000a726f5f8,0x00000000a7280000)
 Metaspace       used 89815K, committed 91456K, reserved 1179648K
  class space    used 9620K, committed 10432K, reserved 1048576K
}
Event: 4871.104 GC heap before
{Heap before GC invocations=1795 (full 6):
 PSYoungGen      total 3072K, used 2784K [0x00000000d5580000, 0x00000000d5980000, 0x0000000100000000)
  eden space 2560K, 100% used [0x00000000d5580000,0x00000000d5800000,0x00000000d5800000)
  from space 512K, 43% used [0x00000000d5900000,0x00000000d5938000,0x00000000d5980000)
  to   space 512K, 0% used [0x00000000d5880000,0x00000000d5880000,0x00000000d5900000)
 ParOldGen       total 641536K, used 641469K [0x0000000080000000, 0x00000000a7280000, 0x00000000d5580000)
  object space 641536K, 99% used [0x0000000080000000,0x00000000a726f5f8,0x00000000a7280000)
 Metaspace       used 89815K, committed 91456K, reserved 1179648K
  class space    used 9620K, committed 10432K, reserved 1048576K
}
Event: 4871.106 GC heap after
{Heap after GC invocations=1795 (full 6):
 PSYoungGen      total 3072K, used 288K [0x00000000d5580000, 0x00000000d5980000, 0x0000000100000000)
  eden space 2560K, 0% used [0x00000000d5580000,0x00000000d5580000,0x00000000d5800000)
  from space 512K, 56% used [0x00000000d5880000,0x00000000d58c8000,0x00000000d5900000)
  to   space 512K, 0% used [0x00000000d5900000,0x00000000d5900000,0x00000000d5980000)
 ParOldGen       total 642048K, used 641548K [0x0000000080000000, 0x00000000a7300000, 0x00000000d5580000)
  object space 642048K, 99% used [0x0000000080000000,0x00000000a72832f8,0x00000000a7300000)
 Metaspace       used 89815K, committed 91456K, reserved 1179648K
  class space    used 9620K, committed 10432K, reserved 1048576K
}
Event: 4871.110 GC heap before
{Heap before GC invocations=1796 (full 6):
 PSYoungGen      total 3072K, used 2848K [0x00000000d5580000, 0x00000000d5980000, 0x0000000100000000)
  eden space 2560K, 100% used [0x00000000d5580000,0x00000000d5800000,0x00000000d5800000)
  from space 512K, 56% used [0x00000000d5880000,0x00000000d58c8000,0x00000000d5900000)
  to   space 512K, 0% used [0x00000000d5900000,0x00000000d5900000,0x00000000d5980000)
 ParOldGen       total 642048K, used 641548K [0x0000000080000000, 0x00000000a7300000, 0x00000000d5580000)
  object space 642048K, 99% used [0x0000000080000000,0x00000000a72832f8,0x00000000a7300000)
 Metaspace       used 89815K, committed 91456K, reserved 1179648K
  class space    used 9620K, committed 10432K, reserved 1048576K
}
Event: 4871.112 GC heap after
{Heap after GC invocations=1796 (full 6):
 PSYoungGen      total 3072K, used 256K [0x00000000d5580000, 0x00000000d5980000, 0x0000000100000000)
  eden space 2560K, 0% used [0x00000000d5580000,0x00000000d5580000,0x00000000d5800000)
  from space 512K, 50% used [0x00000000d5900000,0x00000000d5940000,0x00000000d5980000)
  to   space 512K, 0% used [0x00000000d5880000,0x00000000d5880000,0x00000000d5900000)
 ParOldGen       total 642048K, used 641652K [0x0000000080000000, 0x00000000a7300000, 0x00000000d5580000)
  object space 642048K, 99% used [0x0000000080000000,0x00000000a729d2f8,0x00000000a7300000)
 Metaspace       used 89815K, committed 91456K, reserved 1179648K
  class space    used 9620K, committed 10432K, reserved 1048576K
}
Event: 4871.129 GC heap before
{Heap before GC invocations=1797 (full 6):
 PSYoungGen      total 3072K, used 2816K [0x00000000d5580000, 0x00000000d5980000, 0x0000000100000000)
  eden space 2560K, 100% used [0x00000000d5580000,0x00000000d5800000,0x00000000d5800000)
  from space 512K, 50% used [0x00000000d5900000,0x00000000d5940000,0x00000000d5980000)
  to   space 512K, 0% used [0x00000000d5880000,0x00000000d5880000,0x00000000d5900000)
 ParOldGen       total 642048K, used 641652K [0x0000000080000000, 0x00000000a7300000, 0x00000000d5580000)
  object space 642048K, 99% used [0x0000000080000000,0x00000000a729d2f8,0x00000000a7300000)
 Metaspace       used 89815K, committed 91456K, reserved 1179648K
  class space    used 9620K, committed 10432K, reserved 1048576K
}
Event: 4871.130 GC heap after
{Heap after GC invocations=1797 (full 6):
 PSYoungGen      total 3072K, used 416K [0x00000000d5580000, 0x00000000d5980000, 0x0000000100000000)
  eden space 2560K, 0% used [0x00000000d5580000,0x00000000d5580000,0x00000000d5800000)
  from space 512K, 81% used [0x00000000d5880000,0x00000000d58e8000,0x00000000d5900000)
  to   space 512K, 0% used [0x00000000d5900000,0x00000000d5900000,0x00000000d5980000)
 ParOldGen       total 642048K, used 641751K [0x0000000080000000, 0x00000000a7300000, 0x00000000d5580000)
  object space 642048K, 99% used [0x0000000080000000,0x00000000a72b5e68,0x00000000a7300000)
 Metaspace       used 89815K, committed 91456K, reserved 1179648K
  class space    used 9620K, committed 10432K, reserved 1048576K
}
Event: 4871.151 GC heap before
{Heap before GC invocations=1798 (full 6):
 PSYoungGen      total 3072K, used 2976K [0x00000000d5580000, 0x00000000d5980000, 0x0000000100000000)
  eden space 2560K, 100% used [0x00000000d5580000,0x00000000d5800000,0x00000000d5800000)
  from space 512K, 81% used [0x00000000d5880000,0x00000000d58e8000,0x00000000d5900000)
  to   space 512K, 0% used [0x00000000d5900000,0x00000000d5900000,0x00000000d5980000)
 ParOldGen       total 642048K, used 641751K [0x0000000080000000, 0x00000000a7300000, 0x00000000d5580000)
  object space 642048K, 99% used [0x0000000080000000,0x00000000a72b5e68,0x00000000a7300000)
 Metaspace       used 89815K, committed 91456K, reserved 1179648K
  class space    used 9620K, committed 10432K, reserved 1048576K
}
Event: 4871.153 GC heap after
{Heap after GC invocations=1798 (full 6):
 PSYoungGen      total 3072K, used 480K [0x00000000d5580000, 0x00000000d5980000, 0x0000000100000000)
  eden space 2560K, 0% used [0x00000000d5580000,0x00000000d5580000,0x00000000d5800000)
  from space 512K, 93% used [0x00000000d5900000,0x00000000d5978000,0x00000000d5980000)
  to   space 512K, 0% used [0x00000000d5880000,0x00000000d5880000,0x00000000d5900000)
 ParOldGen       total 642048K, used 641863K [0x0000000080000000, 0x00000000a7300000, 0x00000000d5580000)
  object space 642048K, 99% used [0x0000000080000000,0x00000000a72d1e68,0x00000000a7300000)
 Metaspace       used 89815K, committed 91456K, reserved 1179648K
  class space    used 9620K, committed 10432K, reserved 1048576K
}

Dll operation events (15 events):
Event: 0.012 Loaded shared library c:\Users\½©Ê¬µ°¶Ü\.vscode\extensions\redhat.java-1.55.0-win32-x64\jre\21.0.11-win32-x86_64\bin\java.dll
Event: 0.056 Loaded shared library c:\Users\½©Ê¬µ°¶Ü\.vscode\extensions\redhat.java-1.55.0-win32-x64\jre\21.0.11-win32-x86_64\bin\zip.dll
Event: 0.150 Loaded shared library C:\Users\½©Ê¬µ°¶Ü\.vscode\extensions\redhat.java-1.55.0-win32-x64\jre\21.0.11-win32-x86_64\bin\instrument.dll
Event: 0.156 Loaded shared library C:\Users\½©Ê¬µ°¶Ü\.vscode\extensions\redhat.java-1.55.0-win32-x64\jre\21.0.11-win32-x86_64\bin\net.dll
Event: 0.161 Loaded shared library C:\Users\½©Ê¬µ°¶Ü\.vscode\extensions\redhat.java-1.55.0-win32-x64\jre\21.0.11-win32-x86_64\bin\nio.dll
Event: 0.165 Loaded shared library C:\Users\½©Ê¬µ°¶Ü\.vscode\extensions\redhat.java-1.55.0-win32-x64\jre\21.0.11-win32-x86_64\bin\zip.dll
Event: 0.185 Loaded shared library C:\Users\½©Ê¬µ°¶Ü\.vscode\extensions\redhat.java-1.55.0-win32-x64\jre\21.0.11-win32-x86_64\bin\jimage.dll
Event: 0.292 Loaded shared library c:\Users\½©Ê¬µ°¶Ü\.vscode\extensions\redhat.java-1.55.0-win32-x64\jre\21.0.11-win32-x86_64\bin\verify.dll
Event: 1.322 Loaded shared library C:\Users\½©Ê¬µ°¶Ü\AppData\Roaming\Code\User\globalStorage\redhat.java\1.55.0\config_win\org.eclipse.equinox.launcher\org.eclipse.equinox.launcher.win32.win32.x86_64_1.3.100.v20260613-0559\eclipse_11924.dll
Event: 4.157 Loaded shared library C:\Users\½©Ê¬µ°¶Ü\AppData\Local\Temp\jna--585059502\jna7085946389797342935.dll
Event: 5.034 Loaded shared library C:\Users\½©Ê¬µ°¶Ü\.vscode\extensions\redhat.java-1.55.0-win32-x64\jre\21.0.11-win32-x86_64\bin\management.dll
Event: 5.037 Loaded shared library C:\Users\½©Ê¬µ°¶Ü\.vscode\extensions\redhat.java-1.55.0-win32-x64\jre\21.0.11-win32-x86_64\bin\management_ext.dll
Event: 7.177 Loaded shared library D:\.gradle\native\660c5614fbf4a5f2a75b1949f50a0caf5cd603558e7d8a26e50b933a0cfb79d1\windows-amd64\native-platform.dll
Event: 10.733 Loaded shared library C:\Users\½©Ê¬µ°¶Ü\.vscode\extensions\redhat.java-1.55.0-win32-x64\jre\21.0.11-win32-x86_64\bin\extnet.dll
Event: 11.960 Loaded shared library C:\Users\½©Ê¬µ°¶Ü\.vscode\extensions\redhat.java-1.55.0-win32-x64\jre\21.0.11-win32-x86_64\bin\sunmscapi.dll

Deoptimization events (20 events):
Event: 4870.240 Thread 0x000001cd1116a350 Uncommon trap: trap_request=0xffffff3d fr.pc=0x000001ccb4a45ed0 relative=0x00000000000000b0
Event: 4870.240 Thread 0x000001cd1116a350 Uncommon trap: reason=unstable_fused_if action=reinterpret pc=0x000001ccb4a45ed0 method=org.eclipse.core.internal.jobs.InternalJob.getState()I @ 10 c2
Event: 4870.241 Thread 0x000001cd1116a350 DEOPT PACKING pc=0x000001ccb4a45ed0 sp=0x0000004ff66fea00
Event: 4870.241 Thread 0x000001cd1116a350 DEOPT UNPACKING pc=0x000001ccb3333aa2 sp=0x0000004ff66fe938 mode 2
Event: 4870.241 Thread 0x000001cd1116a350 Uncommon trap: trap_request=0xffffff45 fr.pc=0x000001ccb4387f34 relative=0x0000000000006c34
Event: 4870.241 Thread 0x000001cd1116a350 Uncommon trap: reason=unstable_if action=reinterpret pc=0x000001ccb4387f34 method=org.eclipse.core.internal.events.AutoBuildJob.build(Z)V @ 52 c2
Event: 4870.241 Thread 0x000001cd1116a350 DEOPT PACKING pc=0x000001ccb4387f34 sp=0x0000004ff66fec60
Event: 4870.241 Thread 0x000001cd1116a350 DEOPT UNPACKING pc=0x000001ccb3333aa2 sp=0x0000004ff66febc8 mode 2
Event: 4870.243 Thread 0x000001cd1116a350 Uncommon trap: trap_request=0xffffff45 fr.pc=0x000001ccb4329e4c relative=0x000000000000688c
Event: 4870.243 Thread 0x000001cd1116a350 Uncommon trap: reason=unstable_if action=reinterpret pc=0x000001ccb4329e4c method=org.eclipse.core.internal.events.AutoBuildJob.interrupt()V @ 77 c2
Event: 4870.243 Thread 0x000001cd1116a350 DEOPT PACKING pc=0x000001ccb4329e4c sp=0x0000004ff66fef50
Event: 4870.243 Thread 0x000001cd1116a350 DEOPT UNPACKING pc=0x000001ccb3333aa2 sp=0x0000004ff66feec0 mode 2
Event: 4870.623 Thread 0x000001cd1116a350 Uncommon trap: trap_request=0xffffff45 fr.pc=0x000001ccb3e9022c relative=0x0000000000000ccc
Event: 4870.623 Thread 0x000001cd1116a350 Uncommon trap: reason=unstable_if action=reinterpret pc=0x000001ccb3e9022c method=java.io.WinNTFileSystem.resolve(Ljava/lang/String;Ljava/lang/String;)Ljava/lang/String; @ 70 c2
Event: 4870.623 Thread 0x000001cd1116a350 DEOPT PACKING pc=0x000001ccb3e9022c sp=0x0000004ff66fe8b0
Event: 4870.623 Thread 0x000001cd1116a350 DEOPT UNPACKING pc=0x000001ccb3333aa2 sp=0x0000004ff66fe850 mode 2
Event: 4870.731 Thread 0x000001cd1116a350 Uncommon trap: trap_request=0xffffff45 fr.pc=0x000001ccb498a538 relative=0x0000000000001318
Event: 4870.731 Thread 0x000001cd1116a350 Uncommon trap: reason=unstable_if action=reinterpret pc=0x000001ccb498a538 method=java.util.ComparableTimSort.gallopLeft(Ljava/lang/Comparable;[Ljava/lang/Object;III)I @ 47 c2
Event: 4870.731 Thread 0x000001cd1116a350 DEOPT PACKING pc=0x000001ccb498a538 sp=0x0000004ff66fe960
Event: 4870.731 Thread 0x000001cd1116a350 DEOPT UNPACKING pc=0x000001ccb3333aa2 sp=0x0000004ff66fe8e8 mode 2

Classes loaded (20 events):
Event: 2894.292 Loading class java/util/ImmutableCollections$SubList
Event: 2894.293 Loading class java/util/ImmutableCollections$SubList done
Event: 4828.187 Loading class java/lang/ProcessBuilder
Event: 4828.187 Loading class java/lang/ProcessBuilder done
Event: 4828.189 Loading class java/lang/ProcessImpl
Event: 4828.190 Loading class java/lang/ProcessImpl done
Event: 4828.200 Loading class java/lang/ProcessImpl$2
Event: 4828.201 Loading class java/lang/ProcessImpl$2 done
Event: 4828.201 Loading class java/lang/Process$PipeInputStream
Event: 4828.201 Loading class java/lang/Process$PipeInputStream done
Event: 4828.205 Loading class java/lang/ProcessBuilder$NullInputStream
Event: 4828.205 Loading class java/lang/ProcessBuilder$NullInputStream done
Event: 4828.205 Loading class jdk/internal/event/ProcessStartEvent
Event: 4828.205 Loading class jdk/internal/event/ProcessStartEvent done
Event: 4828.208 Loading class java/util/Scanner
Event: 4828.212 Loading class java/util/Scanner done
Event: 4828.213 Loading class java/util/Scanner$PatternLRUCache
Event: 4828.213 Loading class java/util/Scanner$PatternLRUCache done
Event: 4829.227 Loading class java/util/regex/Matcher$ImmutableMatchResult
Event: 4829.227 Loading class java/util/regex/Matcher$ImmutableMatchResult done

Classes unloaded (20 events):
Event: 4019.392 Thread 0x000001cd01a56b50 Unloading class 0x000001ccc100cc00 'java/lang/invoke/LambdaForm$MH+0x000001ccc100cc00'
Event: 4019.392 Thread 0x000001cd01a56b50 Unloading class 0x000001ccc100c800 'java/lang/invoke/LambdaForm$MH+0x000001ccc100c800'
Event: 4019.392 Thread 0x000001cd01a56b50 Unloading class 0x000001ccc100c400 'java/lang/invoke/LambdaForm$MH+0x000001ccc100c400'
Event: 4019.392 Thread 0x000001cd01a56b50 Unloading class 0x000001ccc100c000 'java/lang/invoke/LambdaForm$MH+0x000001ccc100c000'
Event: 4019.392 Thread 0x000001cd01a56b50 Unloading class 0x000001ccc100bc00 'java/lang/invoke/LambdaForm$MH+0x000001ccc100bc00'
Event: 4019.392 Thread 0x000001cd01a56b50 Unloading class 0x000001ccc100b800 'java/lang/invoke/LambdaForm$MH+0x000001ccc100b800'
Event: 4019.392 Thread 0x000001cd01a56b50 Unloading class 0x000001ccc100b400 'java/lang/invoke/LambdaForm$MH+0x000001ccc100b400'
Event: 4019.392 Thread 0x000001cd01a56b50 Unloading class 0x000001ccc100b000 'java/lang/invoke/LambdaForm$BMH+0x000001ccc100b000'
Event: 4019.392 Thread 0x000001cd01a56b50 Unloading class 0x000001ccc100a800 'java/lang/invoke/LambdaForm$DMH+0x000001ccc100a800'
Event: 4019.392 Thread 0x000001cd01a56b50 Unloading class 0x000001ccc1007c00 'java/lang/invoke/LambdaForm$MH+0x000001ccc1007c00'
Event: 4019.392 Thread 0x000001cd01a56b50 Unloading class 0x000001ccc1007800 'java/lang/invoke/LambdaForm$MH+0x000001ccc1007800'
Event: 4019.392 Thread 0x000001cd01a56b50 Unloading class 0x000001ccc1007400 'java/lang/invoke/LambdaForm$MH+0x000001ccc1007400'
Event: 4019.392 Thread 0x000001cd01a56b50 Unloading class 0x000001ccc1007000 'java/lang/invoke/LambdaForm$MH+0x000001ccc1007000'
Event: 4019.392 Thread 0x000001cd01a56b50 Unloading class 0x000001ccc1006c00 'java/lang/invoke/LambdaForm$MH+0x000001ccc1006c00'
Event: 4019.392 Thread 0x000001cd01a56b50 Unloading class 0x000001ccc1006400 'java/lang/invoke/LambdaForm$BMH+0x000001ccc1006400'
Event: 4019.392 Thread 0x000001cd01a56b50 Unloading class 0x000001ccc1004000 'java/lang/invoke/LambdaForm$MH+0x000001ccc1004000'
Event: 4019.392 Thread 0x000001cd01a56b50 Unloading class 0x000001ccc1002400 'java/lang/invoke/LambdaForm$MH+0x000001ccc1002400'
Event: 4019.392 Thread 0x000001cd01a56b50 Unloading class 0x000001ccc1002000 'java/lang/invoke/LambdaForm$MH+0x000001ccc1002000'
Event: 4019.392 Thread 0x000001cd01a56b50 Unloading class 0x000001ccc1001800 'java/lang/invoke/LambdaForm$MH+0x000001ccc1001800'
Event: 4019.392 Thread 0x000001cd01a56b50 Unloading class 0x000001ccc1000400 'java/lang/invoke/LambdaForm$MH+0x000001ccc1000400'

Classes redefined (0 events):
No events

Internal exceptions (20 events):
Event: 4834.663 Thread 0x000001cd0f198e60 Exception <a 'java/lang/NoSuchMethodError'{0x00000000d5638a90}: static Lorg/gradle/plugins/ide/internal/tooling/model/DefaultGradleScript;.<clinit>()V> (0x00000000d5638a90) 
thrown [s\src\hotspot\share\prims\jni.cpp, line 1111]
Event: 4834.665 Thread 0x000001cd0f198e60 Exception <a 'java/lang/NoSuchMethodError'{0x00000000d56556b8}: static [Ljava/lang/Object;.<clinit>()V> (0x00000000d56556b8) 
thrown [s\src\hotspot\share\prims\jni.cpp, line 1111]
Event: 4834.681 Thread 0x000001cd0f198e60 Exception <a 'java/lang/NoSuchMethodError'{0x00000000d57699b0}: static Lorg/gradle/tooling/internal/gradle/DefaultProjectIdentifier;.<clinit>()V> (0x00000000d57699b0) 
thrown [s\src\hotspot\share\prims\jni.cpp, line 1111]
Event: 4834.682 Thread 0x000001cd0f198e60 Exception <a 'java/lang/NoSuchMethodError'{0x00000000d5777f90}: static Lorg/gradle/tooling/internal/gradle/DefaultBuildIdentifier;.<clinit>()V> (0x00000000d5777f90) 
thrown [s\src\hotspot\share\prims\jni.cpp, line 1111]
Event: 4834.685 Thread 0x000001cd0f198e60 Exception <a 'java/lang/NoSuchMethodError'{0x00000000d57b83d0}: static Lorg/gradle/plugins/ide/internal/tooling/model/LaunchableGradleTask;.<clinit>()V> (0x00000000d57b83d0) 
thrown [s\src\hotspot\share\prims\jni.cpp, line 1111]
Event: 4834.685 Thread 0x000001cd0f198e60 Exception <a 'java/lang/NoSuchMethodError'{0x00000000d57bd7c0}: static Lorg/gradle/plugins/ide/internal/tooling/model/LaunchableGradleProjectTask;.<clinit>()V> (0x00000000d57bd7c0) 
thrown [s\src\hotspot\share\prims\jni.cpp, line 1111]
Event: 4834.689 Thread 0x000001cd0f198e60 Implicit null exception at 0x000001ccb40e8ad9 to 0x000001ccb40e8d90
Event: 4835.199 Thread 0x000001cd0f195350 Implicit null exception at 0x000001ccb47b8990 to 0x000001ccb47b8d4c
Event: 4835.200 Thread 0x000001cd0f195350 Implicit null exception at 0x000001ccb47ba005 to 0x000001ccb47ba324
Event: 4838.039 Thread 0x000001cd1116a350 Implicit null exception at 0x000001ccb423e82c to 0x000001ccb423eae4
Event: 4839.243 Thread 0x000001cd0f197ab0 Exception <a 'sun/nio/fs/WindowsException'{0x00000000d568cf40}> (0x00000000d568cf40) 
thrown [s\src\hotspot\share\prims\jni.cpp, line 520]
Event: 4839.243 Thread 0x000001cd0f197ab0 Exception <a 'sun/nio/fs/WindowsException'{0x00000000d568da70}> (0x00000000d568da70) 
thrown [s\src\hotspot\share\prims\jni.cpp, line 520]
Event: 4845.640 Thread 0x000001cd0f197ab0 Exception <a 'sun/nio/fs/WindowsException'{0x00000000d573d050}> (0x00000000d573d050) 
thrown [s\src\hotspot\share\prims\jni.cpp, line 520]
Event: 4845.640 Thread 0x000001cd0f197ab0 Exception <a 'sun/nio/fs/WindowsException'{0x00000000d573db78}> (0x00000000d573db78) 
thrown [s\src\hotspot\share\prims\jni.cpp, line 520]
Event: 4852.664 Thread 0x000001cd0f194cc0 Exception <a 'sun/nio/fs/WindowsException'{0x00000000d565dc28}> (0x00000000d565dc28) 
thrown [s\src\hotspot\share\prims\jni.cpp, line 520]
Event: 4852.664 Thread 0x000001cd0f194cc0 Exception <a 'sun/nio/fs/WindowsException'{0x00000000d565e750}> (0x00000000d565e750) 
thrown [s\src\hotspot\share\prims\jni.cpp, line 520]
Event: 4862.385 Thread 0x000001cd0f194cc0 Exception <a 'sun/nio/fs/WindowsException'{0x00000000d56bd958}> (0x00000000d56bd958) 
thrown [s\src\hotspot\share\prims\jni.cpp, line 520]
Event: 4862.385 Thread 0x000001cd0f194cc0 Exception <a 'sun/nio/fs/WindowsException'{0x00000000d56be480}> (0x00000000d56be480) 
thrown [s\src\hotspot\share\prims\jni.cpp, line 520]
Event: 4866.081 Thread 0x000001cd0f197ab0 Exception <a 'sun/nio/fs/WindowsException'{0x00000000d55c1900}> (0x00000000d55c1900) 
thrown [s\src\hotspot\share\prims\jni.cpp, line 520]
Event: 4866.081 Thread 0x000001cd0f197ab0 Exception <a 'sun/nio/fs/WindowsException'{0x00000000d55c2428}> (0x00000000d55c2428) 
thrown [s\src\hotspot\share\prims\jni.cpp, line 520]

ZGC Phase Switch (0 events):
No events

VM Operations (20 events):
Event: 4871.013 Executing safepoint VM operation: ParallelGCFailedAllocation (Allocation Failure)
Event: 4871.014 Executing safepoint VM operation: ParallelGCFailedAllocation (Allocation Failure) done
Event: 4871.059 Executing safepoint VM operation: ParallelGCFailedAllocation (Allocation Failure)
Event: 4871.060 Executing safepoint VM operation: ParallelGCFailedAllocation (Allocation Failure) done
Event: 4871.076 Executing safepoint VM operation: ParallelGCFailedAllocation (Allocation Failure)
Event: 4871.078 Executing safepoint VM operation: ParallelGCFailedAllocation (Allocation Failure) done
Event: 4871.082 Executing safepoint VM operation: ParallelGCFailedAllocation (Allocation Failure)
Event: 4871.084 Executing safepoint VM operation: ParallelGCFailedAllocation (Allocation Failure) done
Event: 4871.089 Executing safepoint VM operation: ParallelGCFailedAllocation (Allocation Failure)
Event: 4871.090 Executing safepoint VM operation: ParallelGCFailedAllocation (Allocation Failure) done
Event: 4871.094 Executing safepoint VM operation: ParallelGCFailedAllocation (Allocation Failure)
Event: 4871.095 Executing safepoint VM operation: ParallelGCFailedAllocation (Allocation Failure) done
Event: 4871.104 Executing safepoint VM operation: ParallelGCFailedAllocation (Allocation Failure)
Event: 4871.106 Executing safepoint VM operation: ParallelGCFailedAllocation (Allocation Failure) done
Event: 4871.110 Executing safepoint VM operation: ParallelGCFailedAllocation (Allocation Failure)
Event: 4871.112 Executing safepoint VM operation: ParallelGCFailedAllocation (Allocation Failure) done
Event: 4871.129 Executing safepoint VM operation: ParallelGCFailedAllocation (Allocation Failure)
Event: 4871.130 Executing safepoint VM operation: ParallelGCFailedAllocation (Allocation Failure) done
Event: 4871.151 Executing safepoint VM operation: ParallelGCFailedAllocation (Allocation Failure)
Event: 4871.153 Executing safepoint VM operation: ParallelGCFailedAllocation (Allocation Failure) done

Memory protections (0 events):
No events

Nmethod flushes (20 events):
Event: 4019.412 Thread 0x000001cd01a56b50 flushing  nmethod 0x000001ccae0b4490
Event: 4019.412 Thread 0x000001cd01a56b50 flushing  nmethod 0x000001ccae0b5a90
Event: 4019.412 Thread 0x000001cd01a56b50 flushing  nmethod 0x000001ccae0c1a10
Event: 4019.412 Thread 0x000001cd01a56b50 flushing  nmethod 0x000001ccae0c7490
Event: 4019.412 Thread 0x000001cd01a56b50 flushing  nmethod 0x000001ccae0d3d10
Event: 4019.412 Thread 0x000001cd01a56b50 flushing  nmethod 0x000001ccae0db310
Event: 4019.412 Thread 0x000001cd01a56b50 flushing  nmethod 0x000001ccae0dbe90
Event: 4019.412 Thread 0x000001cd01a56b50 flushing  nmethod 0x000001ccae0e1a90
Event: 4019.412 Thread 0x000001cd01a56b50 flushing  nmethod 0x000001ccae0ede90
Event: 4019.412 Thread 0x000001cd01a56b50 flushing  nmethod 0x000001ccae137c10
Event: 4019.412 Thread 0x000001cd01a56b50 flushing  nmethod 0x000001ccae15c490
Event: 4019.412 Thread 0x000001cd01a56b50 flushing  nmethod 0x000001ccae179b10
Event: 4019.412 Thread 0x000001cd01a56b50 flushing osr nmethod 0x000001ccae182810
Event: 4019.412 Thread 0x000001cd01a56b50 flushing  nmethod 0x000001ccae186390
Event: 4019.412 Thread 0x000001cd01a56b50 flushing  nmethod 0x000001ccae188f10
Event: 4019.412 Thread 0x000001cd01a56b50 flushing  nmethod 0x000001ccae196190
Event: 4019.412 Thread 0x000001cd01a56b50 flushing  nmethod 0x000001ccae1a7410
Event: 4019.412 Thread 0x000001cd01a56b50 flushing  nmethod 0x000001ccae1c8790
Event: 4019.412 Thread 0x000001cd01a56b50 flushing  nmethod 0x000001ccae2df510
Event: 4019.412 Thread 0x000001cd01a56b50 flushing  nmethod 0x000001ccae2e2210

Events (20 events):
Event: 4864.424 Thread 0x000001cd1116a350 Thread added: 0x000001cd0f198e60
Event: 4864.645 Thread 0x000001cd0f198e60 Thread exited: 0x000001cd0f198e60
Event: 4864.657 Thread 0x000001cd1116a350 Thread added: 0x000001cd0f196d90
Event: 4864.855 Thread 0x000001cd0f196d90 Thread exited: 0x000001cd0f196d90
Event: 4864.860 Thread 0x000001cd1116a350 Thread added: 0x000001cd0f1994f0
Event: 4865.082 Thread 0x000001cd0f1994f0 Thread exited: 0x000001cd0f1994f0
Event: 4865.086 Thread 0x000001cd1116a350 Thread added: 0x000001cd0f198e60
Event: 4865.316 Thread 0x000001cd0f198e60 Thread exited: 0x000001cd0f198e60
Event: 4865.319 Thread 0x000001cd1116a350 Thread added: 0x000001cd0f1994f0
Event: 4865.503 Thread 0x000001cd0f1994f0 Thread exited: 0x000001cd0f1994f0
Event: 4865.785 Thread 0x000001cca8d4e6f0 Thread added: 0x000001cd103c6360
Event: 4866.078 Thread 0x000001cd0f197ab0 Thread added: 0x000001cd0f196d90
Event: 4866.078 Thread 0x000001cd0f196d90 Thread exited: 0x000001cd0f196d90
Event: 4866.081 Thread 0x000001cd0f197ab0 Thread added: 0x000001cd0f196d90
Event: 4866.081 Thread 0x000001cd0f196d90 Thread added: 0x000001cd0f197420
Event: 4866.081 Thread 0x000001cd0f196d90 Thread added: 0x000001cd0f198e60
Event: 4866.082 Thread 0x000001cd0f198e60 Thread exited: 0x000001cd0f198e60
Event: 4866.082 Thread 0x000001cd0f197420 Thread exited: 0x000001cd0f197420
Event: 4866.082 Thread 0x000001cd0f196d90 Thread exited: 0x000001cd0f196d90
Event: 4866.102 Thread 0x000001cd103c6360 Thread exited: 0x000001cd103c6360


Dynamic libraries:
0x00007ff6c81b0000 - 0x00007ff6c81be000 	c:\Users\½©Ê¬µ°¶Ü\.vscode\extensions\redhat.java-1.55.0-win32-x64\jre\21.0.11-win32-x86_64\bin\java.exe
0x00007ffa8feb0000 - 0x00007ffa900a8000 	C:\Windows\SYSTEM32\ntdll.dll
0x00007ffa8ecb0000 - 0x00007ffa8ed72000 	C:\Windows\System32\KERNEL32.DLL
0x00007ffa8d760000 - 0x00007ffa8da56000 	C:\Windows\System32\KERNELBASE.dll
0x00007ffa89b00000 - 0x00007ffa89b94000 	C:\Windows\SYSTEM32\apphelp.dll
0x00007ffa8dca0000 - 0x00007ffa8dda0000 	C:\Windows\System32\ucrtbase.dll
0x00007ffa6f4f0000 - 0x00007ffa6f50e000 	c:\Users\½©Ê¬µ°¶Ü\.vscode\extensions\redhat.java-1.55.0-win32-x64\jre\21.0.11-win32-x86_64\bin\VCRUNTIME140.dll
0x00007ffa71260000 - 0x00007ffa71278000 	c:\Users\½©Ê¬µ°¶Ü\.vscode\extensions\redhat.java-1.55.0-win32-x64\jre\21.0.11-win32-x86_64\bin\jli.dll
0x00007ffa8e450000 - 0x00007ffa8e5f1000 	C:\Windows\System32\USER32.dll
0x00007ffa8da60000 - 0x00007ffa8da82000 	C:\Windows\System32\win32u.dll
0x00007ffa8ed80000 - 0x00007ffa8edab000 	C:\Windows\System32\GDI32.dll
0x00007ffa8d5c0000 - 0x00007ffa8d6d9000 	C:\Windows\System32\gdi32full.dll
0x00007ffa8dda0000 - 0x00007ffa8de3d000 	C:\Windows\System32\msvcp_win.dll
0x00007ffa77550000 - 0x00007ffa777eb000 	C:\Windows\WinSxS\amd64_microsoft.windows.common-controls_6595b64144ccf1df_6.0.19041.6456_none_60b8a6cb71f64256\COMCTL32.dll
0x00007ffa8ded0000 - 0x00007ffa8df6e000 	C:\Windows\System32\msvcrt.dll
0x00007ffa8ee30000 - 0x00007ffa8ee5f000 	C:\Windows\System32\IMM32.DLL
0x00007ffa86e10000 - 0x00007ffa86e1c000 	c:\Users\½©Ê¬µ°¶Ü\.vscode\extensions\redhat.java-1.55.0-win32-x64\jre\21.0.11-win32-x86_64\bin\vcruntime140_1.dll
0x00007ffa5a9c0000 - 0x00007ffa5aa4d000 	c:\Users\½©Ê¬µ°¶Ü\.vscode\extensions\redhat.java-1.55.0-win32-x64\jre\21.0.11-win32-x86_64\bin\msvcp140.dll
0x00007ff9c6440000 - 0x00007ff9c71e2000 	c:\Users\½©Ê¬µ°¶Ü\.vscode\extensions\redhat.java-1.55.0-win32-x64\jre\21.0.11-win32-x86_64\bin\server\jvm.dll
0x00007ffa8f220000 - 0x00007ffa8f2d1000 	C:\Windows\System32\ADVAPI32.dll
0x00007ffa8eed0000 - 0x00007ffa8ef6f000 	C:\Windows\System32\sechost.dll
0x00007ffa8ef70000 - 0x00007ffa8f090000 	C:\Windows\System32\RPCRT4.dll
0x00007ffa8d730000 - 0x00007ffa8d757000 	C:\Windows\System32\bcrypt.dll
0x00007ffa8e3e0000 - 0x00007ffa8e44b000 	C:\Windows\System32\WS2_32.dll
0x00007ffa8cad0000 - 0x00007ffa8cb1b000 	C:\Windows\SYSTEM32\POWRPROF.dll
0x00007ffa83fe0000 - 0x00007ffa84007000 	C:\Windows\SYSTEM32\WINMM.dll
0x00007ffa84cd0000 - 0x00007ffa84cda000 	C:\Windows\SYSTEM32\VERSION.dll
0x00007ffa8c940000 - 0x00007ffa8c952000 	C:\Windows\SYSTEM32\UMPDC.dll
0x00007ffa8bd50000 - 0x00007ffa8bd62000 	C:\Windows\SYSTEM32\kernel.appcore.dll
0x00007ffa78710000 - 0x00007ffa7871a000 	c:\Users\½©Ê¬µ°¶Ü\.vscode\extensions\redhat.java-1.55.0-win32-x64\jre\21.0.11-win32-x86_64\bin\jimage.dll
0x00007ffa8b0d0000 - 0x00007ffa8b2d1000 	C:\Windows\SYSTEM32\DBGHELP.DLL
0x00007ffa626e0000 - 0x00007ffa62714000 	C:\Windows\SYSTEM32\dbgcore.DLL
0x00007ffa8de40000 - 0x00007ffa8dec2000 	C:\Windows\System32\bcryptPrimitives.dll
0x00007ffa6fb80000 - 0x00007ffa6fb8f000 	c:\Users\½©Ê¬µ°¶Ü\.vscode\extensions\redhat.java-1.55.0-win32-x64\jre\21.0.11-win32-x86_64\bin\instrument.dll
0x00007ffa6a890000 - 0x00007ffa6a8b0000 	c:\Users\½©Ê¬µ°¶Ü\.vscode\extensions\redhat.java-1.55.0-win32-x64\jre\21.0.11-win32-x86_64\bin\java.dll
0x00007ffa8f530000 - 0x00007ffa8fca0000 	C:\Windows\System32\SHELL32.dll
0x00007ffa8b590000 - 0x00007ffa8bd35000 	C:\Windows\SYSTEM32\windows.storage.dll
0x00007ffa8e950000 - 0x00007ffa8eca4000 	C:\Windows\System32\combase.dll
0x00007ffa8cf70000 - 0x00007ffa8cf9b000 	C:\Windows\SYSTEM32\Wldp.dll
0x00007ffa8f150000 - 0x00007ffa8f21d000 	C:\Windows\System32\OLEAUT32.dll
0x00007ffa8e600000 - 0x00007ffa8e6ad000 	C:\Windows\System32\SHCORE.dll
0x00007ffa8ee60000 - 0x00007ffa8eebb000 	C:\Windows\System32\shlwapi.dll
0x00007ffa8d470000 - 0x00007ffa8d494000 	C:\Windows\SYSTEM32\profapi.dll
0x00007ffa6a720000 - 0x00007ffa6a738000 	c:\Users\½©Ê¬µ°¶Ü\.vscode\extensions\redhat.java-1.55.0-win32-x64\jre\21.0.11-win32-x86_64\bin\zip.dll
0x00007ffa754a0000 - 0x00007ffa754b0000 	C:\Users\½©Ê¬µ°¶Ü\.vscode\extensions\redhat.java-1.55.0-win32-x64\jre\21.0.11-win32-x86_64\bin\net.dll
0x00007ffa86b60000 - 0x00007ffa86c6a000 	C:\Windows\SYSTEM32\WINHTTP.dll
0x00007ffa8ccd0000 - 0x00007ffa8cd3a000 	C:\Windows\system32\mswsock.dll
0x00007ffa6a550000 - 0x00007ffa6a566000 	C:\Users\½©Ê¬µ°¶Ü\.vscode\extensions\redhat.java-1.55.0-win32-x64\jre\21.0.11-win32-x86_64\bin\nio.dll
0x00007ffa753b0000 - 0x00007ffa753c0000 	c:\Users\½©Ê¬µ°¶Ü\.vscode\extensions\redhat.java-1.55.0-win32-x64\jre\21.0.11-win32-x86_64\bin\verify.dll
0x00007ffa52420000 - 0x00007ffa52465000 	C:\Users\½©Ê¬µ°¶Ü\AppData\Roaming\Code\User\globalStorage\redhat.java\1.55.0\config_win\org.eclipse.equinox.launcher\org.eclipse.equinox.launcher.win32.win32.x86_64_1.3.100.v20260613-0559\eclipse_11924.dll
0x00007ffa8f400000 - 0x00007ffa8f52b000 	C:\Windows\System32\ole32.dll
0x00007ffa8cec0000 - 0x00007ffa8ced8000 	C:\Windows\SYSTEM32\CRYPTSP.dll
0x00007ffa8c580000 - 0x00007ffa8c5b8000 	C:\Windows\system32\rsaenh.dll
0x00007ffa8d430000 - 0x00007ffa8d45e000 	C:\Windows\SYSTEM32\USERENV.dll
0x00007ffa8cee0000 - 0x00007ffa8ceec000 	C:\Windows\SYSTEM32\CRYPTBASE.dll
0x00007ffa8c960000 - 0x00007ffa8c99b000 	C:\Windows\SYSTEM32\IPHLPAPI.DLL
0x00007ffa8e940000 - 0x00007ffa8e948000 	C:\Windows\System32\NSI.dll
0x00007ffa3ad30000 - 0x00007ffa3ad79000 	C:\Users\½©Ê¬µ°¶Ü\AppData\Local\Temp\jna--585059502\jna7085946389797342935.dll
0x00007ffa8f3d0000 - 0x00007ffa8f3d8000 	C:\Windows\System32\PSAPI.DLL
0x00007ffa6fb30000 - 0x00007ffa6fb3a000 	C:\Users\½©Ê¬µ°¶Ü\.vscode\extensions\redhat.java-1.55.0-win32-x64\jre\21.0.11-win32-x86_64\bin\management.dll
0x00007ffa6f5e0000 - 0x00007ffa6f5ec000 	C:\Users\½©Ê¬µ°¶Ü\.vscode\extensions\redhat.java-1.55.0-win32-x64\jre\21.0.11-win32-x86_64\bin\management_ext.dll
0x00007ffa85f30000 - 0x00007ffa85f47000 	C:\Windows\SYSTEM32\dhcpcsvc6.DLL
0x00007ffa85ec0000 - 0x00007ffa85edd000 	C:\Windows\SYSTEM32\dhcpcsvc.DLL
0x00007ffa4df40000 - 0x00007ffa4df67000 	D:\.gradle\native\660c5614fbf4a5f2a75b1949f50a0caf5cd603558e7d8a26e50b933a0cfb79d1\windows-amd64\native-platform.dll
0x00007ffa6a7f0000 - 0x00007ffa6a7f9000 	C:\Users\½©Ê¬µ°¶Ü\.vscode\extensions\redhat.java-1.55.0-win32-x64\jre\21.0.11-win32-x86_64\bin\extnet.dll
0x00007ffa6a540000 - 0x00007ffa6a54e000 	C:\Users\½©Ê¬µ°¶Ü\.vscode\extensions\redhat.java-1.55.0-win32-x64\jre\21.0.11-win32-x86_64\bin\sunmscapi.dll
0x00007ffa8db40000 - 0x00007ffa8dc9d000 	C:\Windows\System32\CRYPT32.dll
0x00007ffa8cfe0000 - 0x00007ffa8d007000 	C:\Windows\SYSTEM32\ncrypt.dll
0x00007ffa8cfa0000 - 0x00007ffa8cfdb000 	C:\Windows\SYSTEM32\NTASN1.dll
0x00007ffa4e0c0000 - 0x00007ffa4e0c7000 	C:\Windows\system32\wshunix.dll

JVMTI agents:
c:\Users\½©Ê¬µ°¶Ü\.vscode\extensions\redhat.java-1.55.0-win32-x64\lombok\lombok-1.18.39-4050.jar path:c:\Users\½©Ê¬µ°¶Ü\.vscode\extensions\redhat.java-1.55.0-win32-x64\jre\21.0.11-win32-x86_64\bin\instrument.dll, loaded, initialized, instrumentlib options:none

dbghelp: loaded successfully - version: 4.0.5 - missing functions: none
symbol engine: initialized successfully - sym options: 0x614 - pdb path: .;c:\Users\½©Ê¬µ°¶Ü\.vscode\extensions\redhat.java-1.55.0-win32-x64\jre\21.0.11-win32-x86_64\bin;C:\Windows\SYSTEM32;C:\Windows\WinSxS\amd64_microsoft.windows.common-controls_6595b64144ccf1df_6.0.19041.6456_none_60b8a6cb71f64256;c:\Users\½©Ê¬µ°¶Ü\.vscode\extensions\redhat.java-1.55.0-win32-x64\jre\21.0.11-win32-x86_64\bi;c:\Users\½©Ê¬µ°¶Ü\.vscode\extensions\redhat.java-1.55.0-win32-x64\jre\21.0.11-win32-x86_6;c:\Users\½©Ê¬µ°¶Ü\.vscode\extensions\redhat.java-1.55.0-win32-x64\jre\21.0.11-win32-x;c:\Users\½©Ê¬µ°¶Ü\.vscode\extensions\redhat.java-1.55.0-win32-x64\jre\21.0.11-win;c:\Users\½©Ê¬µ°¶Ü\.vscode\extensions\redhat.java-1.55.0-win32-x64\jre\21.0.11;c:\Users\½©Ê¬µ°¶Ü\.vscode\extensions\redhat.java-1.55.0-win32-x64\jre\21.;c:\Users\½©Ê¬µ°¶Ü\.vscode\extensions\redhat.java-1.55.0-win32-x64\jre\21.0.11-win32-x86_64\bin\server;C:\Users\½©Ê¬µ°¶Ü\AppData\Roaming\Code\User\globalStorage\redhat.java\1.55.0\config_win\org.eclipse.equinox.launcher\org.eclipse.equinox.launcher.win32;C:\Users\½©Ê¬µ°¶Ü\AppData\Roaming\Code\User\globalStorage\redhat.java\1.55.0\config_win\org.eclipse.equinox.launcher\org.eclipse.equinox.launcher.win32.win32.x86_64_1.3.100.v20260613-0559;C:\User;C:\User;C:\User;C:\Users\½©Ê¬µ°¶Ü\AppData\Local\Temp\jna--585059502;D:\.gradle\native\660c5614fbf4a5f2a75b1949f50a0caf5c;D:\.gradle\native\660c5614fbf4a5f2a75b1949f50a0caf5c;D:\.gradle\native\660c5614fbf4a5f2a75b1949f50a0caf5c;D:\.gradle\native\660c5614fbf4a5f2a75b1949f50a0caf5c

VM Arguments:
jvm_args: --add-modules=ALL-SYSTEM --add-opens=java.base/java.util=ALL-UNNAMED --add-opens=java.base/java.lang=ALL-UNNAMED --add-opens=java.base/sun.nio.fs=ALL-UNNAMED -Declipse.application=org.eclipse.jdt.ls.core.id1 -Dosgi.bundles.defaultStartLevel=4 -Declipse.product=org.eclipse.jdt.ls.core.product -Djava.import.generatesMetadataFilesAtProjectRoot=false -DDetectVMInstallationsJob.disabled=true -Dfile.encoding=utf8 -XX:+UseParallelGC -XX:GCTimeRatio=4 -XX:AdaptiveSizePolicyWeight=90 -Dsun.zip.disableMemoryMapping=true -Xmx2G -Xms100m -Xlog:disable -javaagent:c:\Users\½©Ê¬µ°¶Ü\.vscode\extensions\redhat.java-1.55.0-win32-x64\lombok\lombok-1.18.39-4050.jar -XX:+HeapDumpOnOutOfMemoryError -XX:HeapDumpPath=c:\Users\½©Ê¬µ°¶Ü\AppData\Roaming\Code\User\workspaceStorage\06fb4ef3587b33cbcb234c3b2664dc52\redhat.java -Daether.dependencyCollector.impl=bf 
java_command: c:\Users\½©Ê¬µ°¶Ü\.vscode\extensions\redhat.java-1.55.0-win32-x64\server\plugins\org.eclipse.equinox.launcher_1.7.200.v20260619-2039.jar -configuration c:\Users\½©Ê¬µ°¶Ü\AppData\Roaming\Code\User\globalStorage\redhat.java\1.55.0\config_win -data c:\Users\½©Ê¬µ°¶Ü\AppData\Roaming\Code\User\workspaceStorage\06fb4ef3587b33cbcb234c3b2664dc52\redhat.java\jdt_ws --pipe=\\.\pipe\lsp-e034a402d68d8d519f4f327b3728cf47-sock
java_class_path (initial): c:\Users\½©Ê¬µ°¶Ü\.vscode\extensions\redhat.java-1.55.0-win32-x64\server\plugins\org.eclipse.equinox.launcher_1.7.200.v20260619-2039.jar
Launcher Type: SUN_STANDARD

[Global flags]
    uintx AdaptiveSizePolicyWeight                 = 90                                        {product} {command line}
     intx CICompilerCount                          = 12                                        {product} {ergonomic}
    uintx GCTimeRatio                              = 4                                         {product} {command line}
     bool HeapDumpOnOutOfMemoryError               = true                                   {manageable} {command line}
    ccstr HeapDumpPath                             = c:\Users\½©Ê¬µ°¶Ü\AppData\Roaming\Code\User\workspaceStorage\06fb4ef3587b33cbcb234c3b2664dc52\redhat.java         {manageable} {command line}
   size_t InitialHeapSize                          = 104857600                                 {product} {command line}
   size_t MaxHeapSize                              = 2147483648                                {product} {command line}
   size_t MaxNewSize                               = 715653120                                 {product} {ergonomic}
   size_t MinHeapDeltaBytes                        = 524288                                    {product} {ergonomic}
   size_t MinHeapSize                              = 104857600                                 {product} {command line}
   size_t NewSize                                  = 34603008                                  {product} {ergonomic}
    uintx NonNMethodCodeHeapSize                   = 7602480                                {pd product} {ergonomic}
    uintx NonProfiledCodeHeapSize                  = 122027880                              {pd product} {ergonomic}
   size_t OldSize                                  = 70254592                                  {product} {ergonomic}
    uintx ProfiledCodeHeapSize                     = 122027880                              {pd product} {ergonomic}
    uintx ReservedCodeCacheSize                    = 251658240                              {pd product} {ergonomic}
     bool SegmentedCodeCache                       = true                                      {product} {ergonomic}
   size_t SoftMaxHeapSize                          = 2147483648                             {manageable} {ergonomic}
     bool UseCompressedOops                        = true                           {product lp64_product} {ergonomic}
     bool UseLargePagesIndividualAllocation        = false                                  {pd product} {ergonomic}
     bool UseParallelGC                            = true                                      {product} {command line}

Logging:
Log output configuration:
 #0: stdout all=off uptime,level,tags foldmultilines=false
 #1: stderr all=off uptime,level,tags foldmultilines=false

Release file:
JAVA_VERSION="21.0.11" 
MODULES="java.base java.compiler java.datatransfer java.xml java.prefs java.desktop java.instrument java.logging java.management java.security.sasl java.naming java.rmi java.management.rmi java.net.http java.scripting java.security.jgss java.transaction.xa java.sql java.sql.rowset java.xml.crypto java.se java.smartcardio jdk.accessibility jdk.internal.jvmstat jdk.attach jdk.charsets jdk.internal.opt jdk.zipfs jdk.compiler jdk.crypto.ec jdk.crypto.cryptoki jdk.crypto.mscapi jdk.dynalink jdk.internal.ed jdk.editpad jdk.hotspot.agent jdk.httpserver jdk.internal.le jdk.internal.vm.ci jdk.internal.vm.compiler jdk.internal.vm.compiler.management jdk.jartool jdk.javadoc jdk.jcmd jdk.management jdk.management.agent jdk.jconsole jdk.jdeps jdk.jdwp.agent jdk.jdi jdk.jfr jdk.jshell jdk.jsobject jdk.jstatd jdk.localedata jdk.management.jfr jdk.naming.dns jdk.naming.rmi jdk.net jdk.nio.mapmode jdk.random jdk.sctp jdk.security.auth jdk.security.jgss jdk.unsupported jdk.unsupported.desktop jdk.xml.dom" 

Environment Variables:
PATH=C:\Python314\Scripts\;C:\Python314\;D:\Program Files\SIMULIA\Commands;C:\Program Files\Common Files\Oracle\Java\javapath;D:\SIMULIA\Commands;C:\Program Files\Microsoft MPI\Bin\;C:\Program Files (x86)\NVIDIA Corporation\PhysX\Common;C:\Windows\system32;C:\Windows;C:\Windows\System32\Wbem;C:\Windows\System32\WindowsPowerShell\v1.0\;C:\Windows\System32\OpenSSH\;C:\Program Files\dotnet\;C:\Program Files\Bandizip\;C:\Program Files (x86)\Microsoft SQL Server\160\Tools\Binn\;C:\Program Files\Microsoft SQL Server\160\Tools\Binn\;C:\Program Files\Microsoft SQL Server\Client SDK\ODBC\170\Tools\Binn\;C:\Program Files\Microsoft SQL Server\160\DTS\Binn\;C:\Program Files (x86)\Windows Kits\8.1\Windows Performance Toolkit\;C:\Program Files (x86)\Windows Kits\10\Windows Performance Toolkit\;D:\python\Scripts;C:\Program Files\Git\cmd;D:\lua\lua-5.4.2_Win64_bin;D:\mingw64\bin;D:\OpenOCD\bin;D:\gcc\bin;D:\python;D:\matlab\bin;C:\Program Files\NVIDIA Corporation\NVIDIA App\NvDLISR;D:\me3;D:\ffmpeg\bin;D:\glslang-master-windows-Release\bin;D:\NodeJs\;C:\ProgramData\chocolatey\bin;D:\me3\bin;C:\Users\½©Ê¬µ°¶Ü\AppData\Local\Programs\Python\Launcher\;C:\Users\½©Ê¬µ°¶Ü\AppData\Local\Microsoft\WindowsApps;D:\vscode\Microsoft VS Code\bin;C:\Users\½©Ê¬µ°¶Ü\.dotnet\tools;C:\Users\½©Ê¬µ°¶Ü\AppData\Roaming\npm
USERNAME=ZombieEggStew
OS=Windows_NT
PROCESSOR_IDENTIFIER=Intel64 Family 6 Model 154 Stepping 3, GenuineIntel
TMP=C:\Users\½©Ê¬µ°¶Ü\AppData\Local\Temp
TEMP=C:\Users\½©Ê¬µ°¶Ü\AppData\Local\Temp




Periodic native trim disabled

---------------  S Y S T E M  ---------------

OS:
 Windows 10 , 64 bit Build 19041 (10.0.19041.5915)
OS uptime: 0 days 12:52 hours

CPU: total 20 (initial active 20) (20 cores per cpu, 1 threads per core) family 6 model 154 stepping 3 microcode 0x413, cx8, cmov, fxsr, mmx, 3dnowpref, sse, sse2, sse3, ssse3, sse4.1, sse4.2, popcnt, lzcnt, tsc, tscinvbit, avx, avx2, aes, erms, clmul, bmi1, bmi2, adx, sha, fma, vzeroupper, clflush, clflushopt, clwb, serialize, rdtscp, rdpid, fsrm, f16c, pku, cet_ibt, cet_ss
Processor Information for processor 0
  Max Mhz: 2700, Current Mhz: 2700, Mhz Limit: 1971
Processor Information for processor 1
  Max Mhz: 2700, Current Mhz: 2700, Mhz Limit: 2700
Processor Information for processor 2
  Max Mhz: 2700, Current Mhz: 2700, Mhz Limit: 2700
Processor Information for processor 3
  Max Mhz: 2700, Current Mhz: 2700, Mhz Limit: 2700
Processor Information for processor 4
  Max Mhz: 2700, Current Mhz: 2700, Mhz Limit: 2700
Processor Information for processor 5
  Max Mhz: 2700, Current Mhz: 2700, Mhz Limit: 2700
Processor Information for processor 6
  Max Mhz: 2700, Current Mhz: 2700, Mhz Limit: 2700
Processor Information for processor 7
  Max Mhz: 2700, Current Mhz: 2700, Mhz Limit: 2700
Processor Information for processor 8
  Max Mhz: 2700, Current Mhz: 2700, Mhz Limit: 2700
Processor Information for processor 9
  Max Mhz: 2700, Current Mhz: 2700, Mhz Limit: 2700
Processor Information for processor 10
  Max Mhz: 2700, Current Mhz: 2700, Mhz Limit: 2700
Processor Information for processor 11
  Max Mhz: 2700, Current Mhz: 2700, Mhz Limit: 2700
Processor Information for processor 12
  Max Mhz: 2700, Current Mhz: 1995, Mhz Limit: 1971
Processor Information for processor 13
  Max Mhz: 2700, Current Mhz: 1995, Mhz Limit: 1971
Processor Information for processor 14
  Max Mhz: 2700, Current Mhz: 1995, Mhz Limit: 1971
Processor Information for processor 15
  Max Mhz: 2700, Current Mhz: 1995, Mhz Limit: 1971
Processor Information for processor 16
  Max Mhz: 2700, Current Mhz: 1995, Mhz Limit: 1971
Processor Information for processor 17
  Max Mhz: 2700, Current Mhz: 1995, Mhz Limit: 1971
Processor Information for processor 18
  Max Mhz: 2700, Current Mhz: 1995, Mhz Limit: 1971
Processor Information for processor 19
  Max Mhz: 2700, Current Mhz: 1995, Mhz Limit: 1971

Memory: 4k page, system-wide physical 16088M (1262M free)
TotalPageFile size 28376M (AvailPageFile size 12M)
current process WorkingSet (physical memory assigned to process): 804M, peak: 972M
current process commit charge ("private bytes"): 1085M, peak: 1088M

vm_info: OpenJDK 64-Bit Server VM (21.0.11+10-LTS) for windows-amd64 JRE (21.0.11+10-LTS), built on 2026-04-21T00:00:00Z by "admin" with MS VC++ 17.12 (VS2022)

END.
